// Jest Snapshot v1, https://goo.gl/fbAQLP

exports[`matches snapshot 1`] = `
<div
  id="root0"
>
  <app-root
    class="ng-tns-c0-0"
  >
    <div
      class="ng-tns-c0-0"
      style="text-align:center"
    >
      <h1
        class="ng-tns-c0-0"
      >
        Welcome to app!
      </h1>
      <img
        alt="Angular Logo"
        class="ng-tns-c0-0"
        src="data:image/svg+xml;base64,PHN2ZyB4bWxucz0iaHR0cDovL3d3dy53My5vcmcvMjAwMC9zdmciIHZpZXdCb3g9IjAgMCAyNTAgMjUwIj4KICAgIDxwYXRoIGZpbGw9IiNERDAwMzEiIGQ9Ik0xMjUgMzBMMzEuOSA2My4ybDE0LjIgMTIzLjFMMTI1IDIzMGw3OC45LTQzLjcgMTQuMi0xMjMuMXoiIC8+CiAgICA8cGF0aCBmaWxsPSIjQzMwMDJGIiBkPSJNMTI1IDMwdjIyLjItLjFWMjMwbDc4LjktNDMuNyAxNC4yLTEyMy4xTDEyNSAzMHoiIC8+CiAgICA8cGF0aCAgZmlsbD0iI0ZGRkZGRiIgZD0iTTEyNSA1Mi4xTDY2LjggMTgyLjZoMjEuN2wxMS43LTI5LjJoNDkuNGwxMS43IDI5LjJIMTgzTDEyNSA1Mi4xem0xNyA4My4zaC0zNGwxNy00MC45IDE3IDQwLjl6IiAvPgogIDwvc3ZnPg=="
        width="300"
      />
    </div>
    <h2
      class="ng-tns-c0-0"
    >
      Here are some links to help you start:
    </h2>
    <ul
      class="ng-tns-c0-0"
    >
      <li
        class="ng-tns-c0-0"
      >
        <h2
          class="ng-tns-c0-0"
        >
          <a
            class="ng-tns-c0-0"
            href="https://angular.io/tutorial"
            rel="noopener"
            target="_blank"
          >
            Tour of Heroes
          </a>
        </h2>
      </li>
      <li
        class="ng-tns-c0-0"
      >
        <h2
          class="ng-tns-c0-0"
        >
          <a
            class="ng-tns-c0-0"
            href="https://github.com/angular/angular-cli/wiki"
            rel="noopener"
            target="_blank"
          >
            CLI Documentation
          </a>
        </h2>
      </li>
      <li
        class="ng-tns-c0-0"
      >
        <h2
          class="ng-tns-c0-0"
        >
          <a
            class="ng-tns-c0-0"
            href="https://blog.angular.io/"
            rel="noopener"
            target="_blank"
          >
            Angular blog
          </a>
        </h2>
      </li>
    </ul>
    <button
      class="ng-tns-c0-0"
    >
      Greet
    </button>
    <form
      class="ng-tns-c0-0 ng-untouched ng-pristine ng-invalid"
      ng-reflect-form="[object Object]"
      novalidate=""
    >
      <label
        class="ng-tns-c0-0"
      >
         Name: 
        <input
          class="ng-tns-c0-0 ng-untouched ng-pristine ng-invalid"
          formcontrolname="name"
          ng-reflect-name="name"
          type="text"
        />
      </label>
      <label
        class="ng-tns-c0-0"
      >
         Age: 
        <input
          class="ng-tns-c0-0 ng-untouched ng-pristine ng-valid"
          formcontrolname="age"
          ng-reflect-name="age"
          type="number"
        />
      </label>
      <label
        class="ng-tns-c0-0"
        for="color"
      >
        Favorite color:
      </label>
      <select
        class="ng-tns-c0-0 ng-untouched ng-pristine ng-valid"
        formcontrolname="color"
        id="color"
        ng-reflect-name="color"
      >
        
        <option
          class="ng-tns-c0-0 ng-star-inserted"
          ng-reflect-ng-value="red"
          value="0: red"
        >
          red
        </option>
        <option
          class="ng-tns-c0-0 ng-star-inserted"
          ng-reflect-ng-value="blue"
          value="1: blue"
        >
          blue
        </option>
        <option
          class="ng-tns-c0-0 ng-star-inserted"
          ng-reflect-ng-value="yellow"
          value="2: yellow"
        >
          yellow
        </option>
        <option
          class="ng-tns-c0-0 ng-star-inserted"
          ng-reflect-ng-value="pink"
          value="3: pink"
        >
          pink
        </option>
      </select>
      <h4
        class="ng-tns-c0-0"
      >
        mat select
      </h4>
      <mat-form-field
        class="mat-form-field ng-tns-c1-1 mat-primary mat-form-field-type-mat-select mat-form-field-appearance-legacy mat-form-field-can-float mat-form-field-has-label mat-form-field-hide-placeholder ng-untouched ng-pristine ng-valid _mat-animation-noopable"
      >
        <div
          class="mat-form-field-wrapper"
        >
          <div
            class="mat-form-field-flex"
          >
            
            
            <div
              class="mat-form-field-infix"
            >
              <mat-select
                aria-disabled="false"
                aria-invalid="false"
                aria-labelledby="mat-form-field-label-1"
                aria-multiselectable="false"
                aria-required="false"
                class="mat-select ng-tns-c2-2 ng-tns-c0-0 ng-untouched ng-pristine ng-valid mat-select-empty ng-star-inserted"
                formcontrolname="animal"
                id="mat-select-0"
                ng-reflect-name="animal"
                role="listbox"
                tabindex="0"
              >
                <div
                  aria-hidden="true"
                  cdk-overlay-origin=""
                  class="mat-select-trigger"
                >
                  <div
                    class="mat-select-value"
                    ng-reflect-ng-switch="true"
                  >
                    
                    <span
                      class="mat-select-placeholder ng-tns-c2-2 ng-star-inserted"
                    >
                      Â 
                    </span>
                    
                  </div>
                  <div
                    class="mat-select-arrow-wrapper"
                  >
                    <div
                      class="mat-select-arrow"
                    />
                  </div>
                </div>
                
              </mat-select>
              <span
                class="mat-form-field-label-wrapper"
              >
                
                <label
                  aria-owns="mat-select-0"
                  class="mat-form-field-label ng-tns-c1-1 mat-empty mat-form-field-empty ng-star-inserted"
                  for="mat-select-0"
                  id="mat-form-field-label-1"
                  ng-reflect-disabled="true"
                  ng-reflect-ng-switch="true"
                >
                  
                  
                  <mat-label
                    class="ng-tns-c0-0 ng-star-inserted"
                  >
                    Favorite animal:
                  </mat-label>
                  
                  
                </label>
              </span>
            </div>
            
          </div>
          
          <div
            class="mat-form-field-underline ng-tns-c1-1 ng-star-inserted"
          >
            <span
              class="mat-form-field-ripple"
            />
          </div>
          <div
            class="mat-form-field-subscript-wrapper"
            ng-reflect-ng-switch="hint"
          >
            
            
            <div
              class="mat-form-field-hint-wrapper ng-tns-c1-1 ng-trigger ng-trigger-transitionMessages ng-star-inserted"
              style="opacity:1;transform:translateY(0%);0:opacity;1:transform;"
            >
              
              <div
                class="mat-form-field-hint-spacer"
              />
            </div>
          </div>
        </div>
      </mat-form-field>
      <h4
        class="ng-tns-c0-0"
      >
        native html select
      </h4>
      <mat-form-field
        class="mat-form-field ng-tns-c1-3 mat-primary mat-form-field-type-mat-native-select mat-form-field-appearance-legacy mat-form-field-can-float mat-form-field-has-label mat-form-field-hide-placeholder ng-untouched ng-pristine ng-valid _mat-animation-noopable"
      >
        <div
          class="mat-form-field-wrapper"
        >
          <div
            class="mat-form-field-flex"
          >
            
            
            <div
              class="mat-form-field-infix"
            >
              <select
                aria-invalid="false"
                aria-required="false"
                class="mat-input-element mat-form-field-autofill-control ng-tns-c0-0 cdk-text-field-autofill-monitored ng-untouched ng-pristine ng-valid"
                formcontrolname="car"
                id="mat-input-0"
                matnativecontrol=""
                ng-reflect-name="car"
              >
                <option
                  class="ng-tns-c0-0"
                  label="--select something --"
                />
                <option
                  class="ng-tns-c0-0"
                  ng-reflect-value="saab"
                  value="saab"
                >
                  Saab
                </option>
                <option
                  class="ng-tns-c0-0"
                  ng-reflect-value="mercedes"
                  value="mercedes"
                >
                  Mercedes
                </option>
                <option
                  class="ng-tns-c0-0"
                  ng-reflect-value="audi"
                  value="audi"
                >
                  Audi
                </option>
              </select>
              <span
                class="mat-form-field-label-wrapper"
              >
                
                <label
                  aria-owns="mat-input-0"
                  class="mat-form-field-label ng-tns-c1-3 mat-empty mat-form-field-empty ng-star-inserted"
                  for="mat-input-0"
                  id="mat-form-field-label-3"
                  ng-reflect-disabled="true"
                  ng-reflect-ng-switch="true"
                >
                  
                  
                  <mat-label
                    class="ng-tns-c0-0 ng-star-inserted"
                  >
                    Select your car:
                  </mat-label>
                  
                  
                </label>
              </span>
            </div>
            
          </div>
          
          <div
            class="mat-form-field-underline ng-tns-c1-3 ng-star-inserted"
          >
            <span
              class="mat-form-field-ripple"
            />
          </div>
          <div
            class="mat-form-field-subscript-wrapper"
            ng-reflect-ng-switch="hint"
          >
            
            
            <div
              class="mat-form-field-hint-wrapper ng-tns-c1-3 ng-trigger ng-trigger-transitionMessages ng-star-inserted"
              style="opacity:1;transform:translateY(0%);0:opacity;1:transform;"
            >
              
              <div
                class="mat-form-field-hint-spacer"
              />
            </div>
          </div>
        </div>
      </mat-form-field>
    </form>
    <div
      class="ng-tns-c0-0"
    >
      <button
        class="ng-tns-c0-0"
      >
        Toggle Open/Close
      </button>
      <div
        class="open-close-container ng-trigger ng-trigger-openClose"
        style="height:200px;opacity:1;background-color:yellow;0:height;1:opacity;2:background-color;"
      >
        <p
          class="ng-tns-c0-0"
        >
          The box is now Open!
        </p>
      </div>
    </div>
  </app-root>
</div>
`;
